    Checking titan_lexer v0.2.0 (/data/data/com.termux/files/home/titan/crates/titan_lexer)
    Checking titan_stdlib v0.2.0 (/data/data/com.termux/files/home/titan/crates/titan_stdlib)
    Checking titan_gc v0.2.0 (/data/data/com.termux/files/home/titan/crates/titan_gc)
error: this looks like an `else if` but the `else` is missing
  --> crates/titan_stdlib/src/encoding.rs:40:82
   |
40 | ...its >> 8) as u8); } if pad == 0 { out.p...
   |                       ^
   |
   = note: to remove this lint, add the missing `else` or add a new line before the second `if`
   = help: for further information visit https://rust-lang.github.io/rust-clippy/rust-1.96.0/index.html#possible_missing_else
   = note: `-D clippy::possible-missing-else` implied by `-D warnings`
   = help: to override `-D warnings` add `#[allow(clippy::possible_missing_else)]`

error: this looks like an `else if` but the `else` is missing
  --> crates/titan_stdlib/src/process.rs:25:167
   |
25 | ...current_dir(cwd); } if self.clear_env {...
   |                       ^
   |
   = note: to remove this lint, add the missing `else` or add a new line before the second `if`
   = help: for further information visit https://rust-lang.github.io/rust-clippy/rust-1.96.0/index.html#possible_missing_else

    Checking titan_ast v0.2.0 (/data/data/com.termux/files/home/titan/crates/titan_ast)
    Checking titan_parser v0.2.0 (/data/data/com.termux/files/home/titan/crates/titan_parser)
    Checking titan_hir v0.2.0 (/data/data/com.termux/files/home/titan/crates/titan_hir)
error: manual implementation of `.is_multiple_of()`
  --> crates/titan_stdlib/src/encoding.rs:17:8
   |
17 |     if text.len() % 2 != 0 { return Err(En...
   |        ^^^^^^^^^^^^^^^^^^^ help: replace with: `!text.len().is_multiple_of(2)`
   |
   = help: for further information visit https://rust-lang.github.io/rust-clippy/rust-1.96.0/index.html#manual_is_multiple_of
   = note: `-D clippy::manual-is-multiple-of` implied by `-D warnings`
   = help: to override `-D warnings` add `#[allow(clippy::manual_is_multiple_of)]`

error: manual implementation of `.is_multiple_of()`
  --> crates/titan_stdlib/src/encoding.rs:32:37
   |
32 | ...(); if bytes.len() % 4 != 0 { return Er...
   |           ^^^^^^^^^^^^^^^^^^^^ help: replace with: `!bytes.len().is_multiple_of(4)`
   |
   = help: for further information visit https://rust-lang.github.io/rust-clippy/rust-1.96.0/index.html#manual_is_multiple_of

error: this manual char comparison can be written more succinctly
  --> crates/titan_stdlib/src/io.rs:32:135
   |
32 | ...ches(|c| c == '\r' || c == '\n').into()) }
   |         ^^^^^^^^^^^^^^^^^^^^^^^^^^ help: consider using an array of `char`: `['\r', '\n']`
   |
   = help: for further information visit https://rust-lang.github.io/rust-clippy/rust-1.96.0/index.html#manual_pattern_char_comparison
   = note: `-D clippy::manual-pattern-char-comparison` implied by `-D warnings`
   = help: to override `-D warnings` add `#[allow(clippy::manual_pattern_char_comparison)]`

    Checking titan_mir v0.2.0 (/data/data/com.termux/files/home/titan/crates/titan_mir)
error: unnecessary map of the identity function
  --> crates/titan_stdlib/src/net.rs:37:50
   |
37 | ...ce(':').map(|(h, p)| (h, p)).unwrap_or(...
   |           ^^^^^^^^^^^^^^^^^^^^^ help: remove the call to `map`
   |
   = help: for further information visit https://rust-lang.github.io/rust-clippy/rust-1.96.0/index.html#map_identity
   = note: `-D clippy::map-identity` implied by `-D warnings`
   = help: to override `-D warnings` add `#[allow(clippy::map_identity)]`

error: the borrowed expression implements the required traits
  --> crates/titan_stdlib/src/path.rs:13:158
   |
13 | ...ze(&std::env::current_dir()?.join(path))) } }
   |       ^^^^^^^^^^^^^^^^^^^^^^^^^^^^^^^^^^^^ help: change this to: `std::env::current_dir()?.join(path)`
   |
   = help: for further information visit https://rust-lang.github.io/rust-clippy/rust-1.96.0/index.html#needless_borrows_for_generic_args
   = note: `-D clippy::needless-borrows-for-generic-args` implied by `-D warnings`
   = help: to override `-D warnings` add `#[allow(clippy::needless_borrows_for_generic_args)]`

error: could not compile `titan_stdlib` (lib) due to 7 previous errors
warning: build failed, waiting for other jobs to finish...
error: could not compile `titan_stdlib` (lib test) due to 7 previous errors
error: this loop could be written as a `while let` loop
   --> crates/titan_parser/src/lib.rs:275:9
    |
275 | /         loop {
276 | |             let Some((op, precedence)) ...
277 | |             if precedence < min_precede...
278 | |             self.advance();
...   |
281 | |             left = Expr::Binary { left:...
282 | |         }
    | |_________^ help: try: `while let Some((op, precedence)) = self.binary_op() { .. }`
    |
    = help: for further information visit https://rust-lang.github.io/rust-clippy/rust-1.96.0/index.html#while_let_loop
    = note: `-D clippy::while-let-loop` implied by `-D warnings`
    = help: to override `-D warnings` add `#[allow(clippy::while_let_loop)]`

error: using `Result.or_else(|x| Err(y))`, which is more succinctly expressed as `map_err(|x| y)`
   --> crates/titan_parser/src/lib.rs:585:5
    |
585 |     value.replace(...ser; Err(e) })
    |     ^^^^^^^^^^^^^^...^^^^^^^^^^^^^^
    |
    = help: for further information visit https://rust-lang.github.io/rust-clippy/rust-1.96.0/index.html#bind_instead_of_map
    = note: `-D clippy::bind-instead-of-map` implied by `-D warnings`
    = help: to override `-D warnings` add `#[allow(clippy::bind_instead_of_map)]`
help: use `map_err` instead
    |
585 -     value.replace('_', "").parse().map_err(|_| ParseError::Message { message: format!("integer literal out of range: {value}"), line: span.line, column: span.column }).or_else(|e| { let _ = parser; Err(e) })
585 +     value.replace('_', "").parse().map_err(|_| ParseError::Message { message: format!("integer literal out of range: {value}"), line: span.line, column: span.column }).map_err(|e| { let _ = parser; e })
    |

error: using `Result.or_else(|x| Err(y))`, which is more succinctly expressed as `map_err(|x| y)`
   --> crates/titan_parser/src/lib.rs:588:5
    |
588 |     value.replace(...ser; Err(e) })
    |     ^^^^^^^^^^^^^^...^^^^^^^^^^^^^^
    |
    = help: for further information visit https://rust-lang.github.io/rust-clippy/rust-1.96.0/index.html#bind_instead_of_map
help: use `map_err` instead
    |
588 -     value.replace('_', "").parse().map_err(|_| ParseError::Message { message: format!("invalid float literal: {value}"), line: span.line, column: span.column }).or_else(|e| { let _ = parser; Err(e) })
588 +     value.replace('_', "").parse().map_err(|_| ParseError::Message { message: format!("invalid float literal: {value}"), line: span.line, column: span.column }).map_err(|e| { let _ = parser; e })
    |

error: could not compile `titan_parser` (lib) due to 3 previous errors
error: could not compile `titan_parser` (lib test) due to 3 previous errors
