    Checking titan_lexer v0.2.0 (/data/data/com.termux/files/home/titan/crates/titan_lexer)
    Checking titan_stdlib v0.2.0 (/data/data/com.termux/files/home/titan/crates/titan_stdlib)
    Checking titan_gc v0.2.0 (/data/data/com.termux/files/home/titan/crates/titan_gc)
    Checking titan_ast v0.2.0 (/data/data/com.termux/files/home/titan/crates/titan_ast)
    Checking titan_parser v0.2.0 (/data/data/com.termux/files/home/titan/crates/titan_parser)
    Checking titan_hir v0.2.0 (/data/data/com.termux/files/home/titan/crates/titan_hir)
    Checking titan_mir v0.2.0 (/data/data/com.termux/files/home/titan/crates/titan_mir)
    Checking titan_typechecker v0.2.0 (/data/data/com.termux/files/home/titan/crates/titan_typechecker)
    Checking titan_pkg v0.2.0 (/data/data/com.termux/files/home/titan/crates/titan_pkg)
    Checking titan_macros v0.2.0 (/data/data/com.termux/files/home/titan/crates/titan_macros)
    Checking titan_codegen v0.2.0 (/data/data/com.termux/files/home/titan/crates/titan_codegen)
    Checking titan_lsp v0.2.0 (/data/data/com.termux/files/home/titan/crates/titan_lsp)
    Checking titan_vm v0.2.0 (/data/data/com.termux/files/home/titan/crates/titan_vm)
    Checking titan_cli v0.2.0 (/data/data/com.termux/files/home/titan/crates/titan_cli)
    Checking titan_runtime v0.2.0 (/data/data/com.termux/files/home/titan/crates/titan_runtime)
warning: method `next` can be confused for the standard trait method `std::iter::Iterator::next`
  --> crates/titan_runtime/src/lib.rs:38:5
   |
38 |     pub fn next(&mut self) -> Option<FiberId> { self.run_queue.pop_front() }
   |     ^^^^^^^^^^^^^^^^^^^^^^^^^^^^^^^^^^^^^^^^^^^^^^^^^^^^^^^^^^^^^^^^^^^^^^^^
   |
   = help: consider implementing the trait `std::iter::Iterator` or choosing a less ambiguous method name
   = help: for further information visit https://rust-lang.github.io/rust-clippy/rust-1.96.0/index.html#should_implement_trait
   = note: `#[warn(clippy::should_implement_trait)]` on by default

warning: `titan_runtime` (lib) generated 1 warning
warning: `titan_runtime` (lib test) generated 1 warning (1 duplicate)
    Finished `dev` profile [unoptimized + debuginfo] target(s) in 15.97s
