   Compiling proc-macro2 v1.0.106
   Compiling unicode-ident v1.0.24
   Compiling quote v1.0.46
   Compiling thiserror v2.0.18
   Compiling serde_core v1.0.228
   Compiling serde v1.0.228
   Compiling zmij v1.0.22
   Compiling serde_json v1.0.150
   Compiling itoa v1.0.18
   Compiling memchr v2.8.3
   Compiling utf8parse v0.2.2
   Compiling equivalent v1.0.2
   Compiling hashbrown v0.17.1
   Compiling anstyle-parse v1.0.0
   Compiling anstyle-query v1.1.5
   Compiling is_terminal_polyfill v1.70.2
   Compiling winnow v0.7.15
   Compiling toml_write v0.1.2
   Compiling anstyle v1.0.14
   Compiling syn v2.0.118
   Compiling indexmap v2.14.0
   Compiling colorchoice v1.0.5
   Compiling heck v0.5.0
   Compiling anstream v1.0.0
   Compiling clap_lex v1.1.0
   Compiling strsim v0.11.1
   Compiling semver v1.0.28
   Compiling clap_builder v4.6.0
   Compiling thiserror-impl v2.0.18
   Compiling serde_derive v1.0.228
   Compiling clap_derive v4.6.1
   Compiling titan_lexer v0.2.0 (/data/data/com.termux/files/home/titan/crates/titan_lexer)
   Compiling titan_gc v0.2.0 (/data/data/com.termux/files/home/titan/crates/titan_gc)
   Compiling titan_ast v0.2.0 (/data/data/com.termux/files/home/titan/crates/titan_ast)
   Compiling titan_hir v0.2.0 (/data/data/com.termux/files/home/titan/crates/titan_hir)
   Compiling titan_mir v0.2.0 (/data/data/com.termux/files/home/titan/crates/titan_mir)
   Compiling titan_parser v0.2.0 (/data/data/com.termux/files/home/titan/crates/titan_parser)
   Compiling clap v4.6.1
   Compiling titan_macros v0.2.0 (/data/data/com.termux/files/home/titan/crates/titan_macros)
   Compiling titan_stdlib v0.2.0 (/data/data/com.termux/files/home/titan/crates/titan_stdlib)
   Compiling serde_spanned v0.6.9
   Compiling toml_datetime v0.6.11
   Compiling toml_edit v0.22.27
   Compiling titan_typechecker v0.2.0 (/data/data/com.termux/files/home/titan/crates/titan_typechecker)
   Compiling titan_codegen v0.2.0 (/data/data/com.termux/files/home/titan/crates/titan_codegen)
   Compiling titan_vm v0.2.0 (/data/data/com.termux/files/home/titan/crates/titan_vm)
   Compiling titan_runtime v0.2.0 (/data/data/com.termux/files/home/titan/crates/titan_runtime)
   Compiling titan_lsp v0.2.0 (/data/data/com.termux/files/home/titan/crates/titan_lsp)
   Compiling toml v0.8.23
   Compiling titan_pkg v0.2.0 (/data/data/com.termux/files/home/titan/crates/titan_pkg)
   Compiling titan_cli v0.2.0 (/data/data/com.termux/files/home/titan/crates/titan_cli)
    Finished `release` profile [optimized] target(s) in 2m 42s
