animación: true
WebP sin imagen: true
tamaño RIFF fuera de entrada: true
cabecera de fragmento incompleta: true
tamaño de fragmento excesivo: true
relleno de fragmento ausente: true
fotograma VP8 intermedio: true
versión VP8 no admitida: true
modo de recorte VP8 no admitido: true
firma VP8L incorrecta: true
versión VP8L no admitida: true
ancho sobre el límite: true
píxeles sobre el límite: true
árbol Huffman incompleto: true
